Component: ARM Compiler 5.06 update 6 (build 750) Tool: armlink [4d35ed]

==============================================================================

Section Cross References

    app.o(i.app_button_task) refers to pwm_program.o(i.pwm_set_duty_cycle) for pwm_set_duty_cycle
    app.o(i.app_button_task) refers to button_program.o(i.button_get_state) for button_get_state
    app.o(i.app_button_task) refers to app.o(.data) for enu_pressing_state
    app.o(i.app_button_task) refers to app.o(.bss) for str_pwm_green_led
    app.o(i.app_init) refers to button_program.o(i.button_init) for button_init
    app.o(i.app_init) refers to pwm_program.o(i.pwm_init) for pwm_init
    app.o(i.app_init) refers to pwm_program.o(i.pwm_start) for pwm_start
    app.o(i.app_init) refers to app.o(i.app_button_task) for app_button_task
    app.o(i.app_init) refers to app.o(.bss) for str_pwm_green_led
    led_program.o(i.led_init) refers to gpio_program.o(i.gpio_pin_init) for gpio_pin_init
    led_program.o(i.led_init) refers to led_program.o(.data) for gl_str_ledr_config
    led_program.o(i.led_off) refers to gpio_program.o(i.gpio_pin_write) for gpio_pin_write
    led_program.o(i.led_on) refers to gpio_program.o(i.gpio_pin_write) for gpio_pin_write
    led_program.o(i.led_toggle) refers to gpio_program.o(i.gpio_pin_toggle) for gpio_pin_toggle
    button_program.o(i.button_get_state) refers to gpio_program.o(i.gpio_pin_read) for gpio_pin_read
    button_program.o(i.button_get_state) refers to button_program.o(.data) for gl_str_button_config
    button_program.o(i.button_init) refers to gpio_program.o(i.gpio_pin_init) for gpio_pin_init
    button_program.o(i.button_init) refers to gpio_program.o(i.gpio_pin_enable_notification) for gpio_pin_enable_notification
    button_program.o(i.button_init) refers to gpio_program.o(i.gpio_pin_set_callback) for gpio_pin_set_callback
    button_program.o(i.button_init) refers to button_program.o(.data) for gl_str_button_config
    gpio_program.o(i.GPIOF_Handler) refers to gpio_program.o(.data) for gpiof_callback
    gpio_program.o(i.gpio_pin_set_callback) refers to gpio_program.o(.data) for gpiof_callback
    gpio_program.o(i.gpio_pin_toggle) refers to gpio_program.o(i.gpio_pin_write) for gpio_pin_write
    systick_program.o(i.SysTick_Handler) refers to systick_program.o(.data) for SysTick0_void_CallBack
    systick_program.o(i.systick_enable) refers to systick_program.o(i.systick_reload) for systick_reload
    systick_program.o(i.systick_enable) refers to systick_program.o(.data) for gl_uint32_current_delay_used
    systick_program.o(i.systick_init) refers to systick_program.o(.data) for gl_uint32_current_delay_used
    systick_program.o(i.systick_set_callback) refers to systick_program.o(.data) for SysTick0_void_CallBack
    gpt_program.o(i.TIMER0A_Handler) refers to gpt_program.o(.data) for uint32_ovf_counter
    gpt_program.o(i.TIMER0A_Handler) refers to gpt_program.o(.bss) for gl_arr_uint32_number_of_ovfs
    gpt_program.o(i.TIMER1A_Handler) refers to gpt_program.o(.data) for uint32_ovf_counter
    gpt_program.o(i.TIMER1A_Handler) refers to gpt_program.o(.bss) for gl_arr_uint32_number_of_ovfs
    gpt_program.o(i.gpt_disable_notificatoin) refers to gpt_program.o(i.__NVIC_DisableIRQ) for __NVIC_DisableIRQ
    gpt_program.o(i.gpt_enable_notificatoin) refers to gpt_program.o(i.__NVIC_EnableIRQ) for __NVIC_EnableIRQ
    gpt_program.o(i.gpt_get_unused_channel) refers to gpt_program.o(.bss) for gl_arr_uint8_gpt_used
    gpt_program.o(i.gpt_init) refers to gpt_program.o(.bss) for gl_arr_uint8_gpt_used
    gpt_program.o(i.gpt_set_callback) refers to gpt_program.o(.bss) for gl_arr_ptr_callback
    gpt_program.o(i.gpt_set_time) refers to lludivv7m.o(.text) for __aeabi_uldivmod
    gpt_program.o(i.gpt_set_time) refers to gpt_program.o(.bss) for gl_arr_uint32_reloading_value
    main.o(i.main) refers to app.o(i.app_init) for app_init
    pwm_program.o(i.pwm0_task) refers to gpio_program.o(i.gpio_pin_write) for gpio_pin_write
    pwm_program.o(i.pwm0_task) refers to pwm_program.o(.data) for uint8_counter
    pwm_program.o(i.pwm0_task) refers to pwm_program.o(.bss) for gl_arr_uint32_pwm_time_on
    pwm_program.o(i.pwm10_task) refers to gpio_program.o(i.gpio_pin_write) for gpio_pin_write
    pwm_program.o(i.pwm10_task) refers to pwm_program.o(.data) for uint8_counter
    pwm_program.o(i.pwm10_task) refers to pwm_program.o(.bss) for gl_arr_uint32_pwm_time_on
    pwm_program.o(i.pwm11_task) refers to gpio_program.o(i.gpio_pin_write) for gpio_pin_write
    pwm_program.o(i.pwm11_task) refers to pwm_program.o(.data) for uint8_counter
    pwm_program.o(i.pwm11_task) refers to pwm_program.o(.bss) for gl_arr_uint32_pwm_time_on
    pwm_program.o(i.pwm1_task) refers to gpio_program.o(i.gpio_pin_write) for gpio_pin_write
    pwm_program.o(i.pwm1_task) refers to pwm_program.o(.data) for uint8_counter
    pwm_program.o(i.pwm1_task) refers to pwm_program.o(.bss) for gl_arr_uint32_pwm_time_on
    pwm_program.o(i.pwm2_task) refers to gpio_program.o(i.gpio_pin_write) for gpio_pin_write
    pwm_program.o(i.pwm2_task) refers to pwm_program.o(.data) for uint8_counter
    pwm_program.o(i.pwm2_task) refers to pwm_program.o(.bss) for gl_arr_uint32_pwm_time_on
    pwm_program.o(i.pwm3_task) refers to gpio_program.o(i.gpio_pin_write) for gpio_pin_write
    pwm_program.o(i.pwm3_task) refers to pwm_program.o(.data) for uint8_counter
    pwm_program.o(i.pwm3_task) refers to pwm_program.o(.bss) for gl_arr_uint32_pwm_time_on
    pwm_program.o(i.pwm4_task) refers to gpio_program.o(i.gpio_pin_write) for gpio_pin_write
    pwm_program.o(i.pwm4_task) refers to pwm_program.o(.data) for uint8_counter
    pwm_program.o(i.pwm4_task) refers to pwm_program.o(.bss) for gl_arr_uint32_pwm_time_on
    pwm_program.o(i.pwm5_task) refers to gpio_program.o(i.gpio_pin_write) for gpio_pin_write
    pwm_program.o(i.pwm5_task) refers to pwm_program.o(.data) for uint8_counter
    pwm_program.o(i.pwm5_task) refers to pwm_program.o(.bss) for gl_arr_uint32_pwm_time_on
    pwm_program.o(i.pwm6_task) refers to gpio_program.o(i.gpio_pin_write) for gpio_pin_write
    pwm_program.o(i.pwm6_task) refers to pwm_program.o(.data) for uint8_counter
    pwm_program.o(i.pwm6_task) refers to pwm_program.o(.bss) for gl_arr_uint32_pwm_time_on
    pwm_program.o(i.pwm7_task) refers to gpio_program.o(i.gpio_pin_write) for gpio_pin_write
    pwm_program.o(i.pwm7_task) refers to pwm_program.o(.data) for uint8_counter
    pwm_program.o(i.pwm7_task) refers to pwm_program.o(.bss) for gl_arr_uint32_pwm_time_on
    pwm_program.o(i.pwm8_task) refers to gpio_program.o(i.gpio_pin_write) for gpio_pin_write
    pwm_program.o(i.pwm8_task) refers to pwm_program.o(.data) for uint8_counter
    pwm_program.o(i.pwm8_task) refers to pwm_program.o(.bss) for gl_arr_uint32_pwm_time_on
    pwm_program.o(i.pwm9_task) refers to gpio_program.o(i.gpio_pin_write) for gpio_pin_write
    pwm_program.o(i.pwm9_task) refers to pwm_program.o(.data) for uint8_counter
    pwm_program.o(i.pwm9_task) refers to pwm_program.o(.bss) for gl_arr_uint32_pwm_time_on
    pwm_program.o(i.pwm_init) refers to gpt_program.o(i.gpt_get_unused_channel) for gpt_get_unused_channel
    pwm_program.o(i.pwm_init) refers to gpio_program.o(i.gpio_pin_init) for gpio_pin_init
    pwm_program.o(i.pwm_init) refers to gpt_program.o(i.gpt_init) for gpt_init
    pwm_program.o(i.pwm_init) refers to pwm_program.o(i.pwm_set_duty_cycle) for pwm_set_duty_cycle
    pwm_program.o(i.pwm_init) refers to pwm_program.o(i.pwm_set_frequency) for pwm_set_frequency
    pwm_program.o(i.pwm_init) refers to gpt_program.o(i.gpt_enable_notificatoin) for gpt_enable_notificatoin
    pwm_program.o(i.pwm_init) refers to gpt_program.o(i.gpt_set_callback) for gpt_set_callback
    pwm_program.o(i.pwm_init) refers to pwm_program.o(.bss) for gl_arr_enu_pin_index
    pwm_program.o(i.pwm_init) refers to pwm_program.o(i.pwm0_task) for pwm0_task
    pwm_program.o(i.pwm_init) refers to pwm_program.o(i.pwm1_task) for pwm1_task
    pwm_program.o(i.pwm_init) refers to pwm_program.o(i.pwm2_task) for pwm2_task
    pwm_program.o(i.pwm_init) refers to pwm_program.o(i.pwm3_task) for pwm3_task
    pwm_program.o(i.pwm_init) refers to pwm_program.o(i.pwm4_task) for pwm4_task
    pwm_program.o(i.pwm_init) refers to pwm_program.o(i.pwm5_task) for pwm5_task
    pwm_program.o(i.pwm_init) refers to pwm_program.o(i.pwm6_task) for pwm6_task
    pwm_program.o(i.pwm_init) refers to pwm_program.o(i.pwm7_task) for pwm7_task
    pwm_program.o(i.pwm_init) refers to pwm_program.o(i.pwm8_task) for pwm8_task
    pwm_program.o(i.pwm_init) refers to pwm_program.o(i.pwm9_task) for pwm9_task
    pwm_program.o(i.pwm_init) refers to pwm_program.o(i.pwm10_task) for pwm10_task
    pwm_program.o(i.pwm_init) refers to pwm_program.o(i.pwm11_task) for pwm11_task
    pwm_program.o(i.pwm_set_duty_cycle) refers to pwm_program.o(.bss) for gl_arr_uint32_pwm_time_on
    pwm_program.o(i.pwm_set_frequency) refers to gpt_program.o(i.gpt_set_time) for gpt_set_time
    pwm_program.o(i.pwm_start) refers to gpt_program.o(i.gpt_start_timer) for gpt_start_timer
    pwm_program.o(i.pwm_stop) refers to gpt_program.o(i.gpt_stop_timer) for gpt_stop_timer
    pwm_program.o(i.pwm_stop) refers to gpio_program.o(i.gpio_pin_write) for gpio_pin_write
    pwm_program.o(i.pwm_stop) refers to pwm_program.o(.bss) for gl_arr_enu_pin_index
    startup_tm4c123.o(STACK) refers (Special) to heapauxi.o(.text) for __use_two_region_memory
    startup_tm4c123.o(HEAP) refers (Special) to heapauxi.o(.text) for __use_two_region_memory
    startup_tm4c123.o(RESET) refers (Special) to heapauxi.o(.text) for __use_two_region_memory
    startup_tm4c123.o(RESET) refers to startup_tm4c123.o(STACK) for __initial_sp
    startup_tm4c123.o(RESET) refers to startup_tm4c123.o(.text) for Reset_Handler
    startup_tm4c123.o(RESET) refers to systick_program.o(i.SysTick_Handler) for SysTick_Handler
    startup_tm4c123.o(RESET) refers to gpt_program.o(i.TIMER0A_Handler) for TIMER0A_Handler
    startup_tm4c123.o(RESET) refers to gpt_program.o(i.TIMER1A_Handler) for TIMER1A_Handler
    startup_tm4c123.o(RESET) refers to gpio_program.o(i.GPIOF_Handler) for GPIOF_Handler
    startup_tm4c123.o(.text) refers (Special) to heapauxi.o(.text) for __use_two_region_memory
    startup_tm4c123.o(.text) refers to system_tm4c123.o(i.SystemInit) for SystemInit
    startup_tm4c123.o(.text) refers to __main.o(!!!main) for __main
    startup_tm4c123.o(.text) refers to startup_tm4c123.o(HEAP) for Heap_Mem
    startup_tm4c123.o(.text) refers to startup_tm4c123.o(STACK) for Stack_Mem
    system_tm4c123.o(i.SystemCoreClockUpdate) refers to system_tm4c123.o(i.getOscClk) for getOscClk
    system_tm4c123.o(i.SystemCoreClockUpdate) refers to system_tm4c123.o(.data) for SystemCoreClock
    __main.o(!!!main) refers to __rtentry.o(.ARM.Collect$$rtentry$$00000000) for __rt_entry
    __rtentry.o(.ARM.Collect$$rtentry$$00000000) refers (Special) to __rtentry2.o(.ARM.Collect$$rtentry$$0000000A) for __rt_entry_li
    __rtentry.o(.ARM.Collect$$rtentry$$00000000) refers (Special) to __rtentry2.o(.ARM.Collect$$rtentry$$0000000D) for __rt_entry_main
    __rtentry.o(.ARM.Collect$$rtentry$$00000000) refers (Special) to __rtentry2.o(.ARM.Collect$$rtentry$$0000000C) for __rt_entry_postli_1
    __rtentry.o(.ARM.Collect$$rtentry$$00000000) refers (Special) to __rtentry2.o(.ARM.Collect$$rtentry$$00000009) for __rt_entry_postsh_1
    __rtentry.o(.ARM.Collect$$rtentry$$00000000) refers (Special) to __rtentry2.o(.ARM.Collect$$rtentry$$00000002) for __rt_entry_presh_1
    __rtentry.o(.ARM.Collect$$rtentry$$00000000) refers (Special) to __rtentry4.o(.ARM.Collect$$rtentry$$00000004) for __rt_entry_sh
    aeabi_ldiv0_sigfpe.o(.text) refers to rt_div0.o(.text) for __rt_div0
    __rtentry2.o(.ARM.Collect$$rtentry$$00000008) refers to boardinit2.o(.text) for _platform_post_stackheap_init
    __rtentry2.o(.ARM.Collect$$rtentry$$0000000A) refers to libinit.o(.ARM.Collect$$libinit$$00000000) for __rt_lib_init
    __rtentry2.o(.ARM.Collect$$rtentry$$0000000B) refers to boardinit3.o(.text) for _platform_post_lib_init
    __rtentry2.o(.ARM.Collect$$rtentry$$0000000D) refers to main.o(i.main) for main
    __rtentry2.o(.ARM.Collect$$rtentry$$0000000D) refers to exit.o(.text) for exit
    __rtentry2.o(.ARM.exidx) refers to __rtentry2.o(.ARM.Collect$$rtentry$$00000001) for .ARM.Collect$$rtentry$$00000001
    __rtentry2.o(.ARM.exidx) refers to __rtentry2.o(.ARM.Collect$$rtentry$$00000008) for .ARM.Collect$$rtentry$$00000008
    __rtentry2.o(.ARM.exidx) refers to __rtentry2.o(.ARM.Collect$$rtentry$$0000000A) for .ARM.Collect$$rtentry$$0000000A
    __rtentry2.o(.ARM.exidx) refers to __rtentry2.o(.ARM.Collect$$rtentry$$0000000B) for .ARM.Collect$$rtentry$$0000000B
    __rtentry2.o(.ARM.exidx) refers to __rtentry2.o(.ARM.Collect$$rtentry$$0000000D) for .ARM.Collect$$rtentry$$0000000D
    __rtentry4.o(.ARM.Collect$$rtentry$$00000004) refers to sys_stackheap_outer.o(.text) for __user_setup_stackheap
    __rtentry4.o(.ARM.exidx) refers to __rtentry4.o(.ARM.Collect$$rtentry$$00000004) for .ARM.Collect$$rtentry$$00000004
    rt_div0.o(.text) refers to defsig_fpe_outer.o(.text) for __rt_SIGFPE
    sys_stackheap_outer.o(.text) refers to libspace.o(.text) for __user_perproc_libspace
    sys_stackheap_outer.o(.text) refers to startup_tm4c123.o(.text) for __user_initial_stackheap
    exit.o(.text) refers to rtexit.o(.ARM.Collect$$rtexit$$00000000) for __rt_exit
    defsig_fpe_outer.o(.text) refers to defsig_fpe_inner.o(.text) for __rt_SIGFPE_inner
    defsig_fpe_outer.o(.text) refers to defsig_exit.o(.text) for __sig_exit
    defsig_fpe_formal.o(.text) refers to rt_raise.o(.text) for __rt_raise
    libinit.o(.ARM.Collect$$libinit$$00000000) refers (Special) to libinit2.o(.ARM.Collect$$libinit$$0000002E) for __rt_lib_init_alloca_1
    libinit.o(.ARM.Collect$$libinit$$00000000) refers (Special) to libinit2.o(.ARM.Collect$$libinit$$0000002C) for __rt_lib_init_argv_1
    libinit.o(.ARM.Collect$$libinit$$00000000) refers (Special) to libinit2.o(.ARM.Collect$$libinit$$0000001B) for __rt_lib_init_atexit_1
    libinit.o(.ARM.Collect$$libinit$$00000000) refers (Special) to libinit2.o(.ARM.Collect$$libinit$$00000021) for __rt_lib_init_clock_1
    libinit.o(.ARM.Collect$$libinit$$00000000) refers (Special) to libinit2.o(.ARM.Collect$$libinit$$00000032) for __rt_lib_init_cpp_1
    libinit.o(.ARM.Collect$$libinit$$00000000) refers (Special) to libinit2.o(.ARM.Collect$$libinit$$00000030) for __rt_lib_init_exceptions_1
    libinit.o(.ARM.Collect$$libinit$$00000000) refers (Special) to libinit2.o(.ARM.Collect$$libinit$$00000001) for __rt_lib_init_fp_1
    libinit.o(.ARM.Collect$$libinit$$00000000) refers (Special) to libinit2.o(.ARM.Collect$$libinit$$0000001F) for __rt_lib_init_fp_trap_1
    libinit.o(.ARM.Collect$$libinit$$00000000) refers (Special) to libinit2.o(.ARM.Collect$$libinit$$00000023) for __rt_lib_init_getenv_1
    libinit.o(.ARM.Collect$$libinit$$00000000) refers (Special) to libinit2.o(.ARM.Collect$$libinit$$0000000A) for __rt_lib_init_heap_1
    libinit.o(.ARM.Collect$$libinit$$00000000) refers (Special) to libinit2.o(.ARM.Collect$$libinit$$00000011) for __rt_lib_init_lc_collate_1
    libinit.o(.ARM.Collect$$libinit$$00000000) refers (Special) to libinit2.o(.ARM.Collect$$libinit$$00000013) for __rt_lib_init_lc_ctype_1
    libinit.o(.ARM.Collect$$libinit$$00000000) refers (Special) to libinit2.o(.ARM.Collect$$libinit$$00000015) for __rt_lib_init_lc_monetary_1
    libinit.o(.ARM.Collect$$libinit$$00000000) refers (Special) to libinit2.o(.ARM.Collect$$libinit$$00000017) for __rt_lib_init_lc_numeric_1
    libinit.o(.ARM.Collect$$libinit$$00000000) refers (Special) to libinit2.o(.ARM.Collect$$libinit$$00000019) for __rt_lib_init_lc_time_1
    libinit.o(.ARM.Collect$$libinit$$00000000) refers (Special) to libinit2.o(.ARM.Collect$$libinit$$00000004) for __rt_lib_init_preinit_1
    libinit.o(.ARM.Collect$$libinit$$00000000) refers (Special) to libinit2.o(.ARM.Collect$$libinit$$0000000E) for __rt_lib_init_rand_1
    libinit.o(.ARM.Collect$$libinit$$00000000) refers (Special) to libinit2.o(.ARM.Collect$$libinit$$00000033) for __rt_lib_init_return
    libinit.o(.ARM.Collect$$libinit$$00000000) refers (Special) to libinit2.o(.ARM.Collect$$libinit$$0000001D) for __rt_lib_init_signal_1
    libinit.o(.ARM.Collect$$libinit$$00000000) refers (Special) to libinit2.o(.ARM.Collect$$libinit$$00000025) for __rt_lib_init_stdio_1
    libinit.o(.ARM.Collect$$libinit$$00000000) refers (Special) to libinit2.o(.ARM.Collect$$libinit$$0000000C) for __rt_lib_init_user_alloc_1
    libspace.o(.text) refers to libspace.o(.bss) for __libspace_start
    rtexit.o(.ARM.Collect$$rtexit$$00000000) refers (Special) to rtexit2.o(.ARM.Collect$$rtexit$$00000004) for __rt_exit_exit
    rtexit.o(.ARM.Collect$$rtexit$$00000000) refers (Special) to rtexit2.o(.ARM.Collect$$rtexit$$00000003) for __rt_exit_ls
    rtexit.o(.ARM.Collect$$rtexit$$00000000) refers (Special) to rtexit2.o(.ARM.Collect$$rtexit$$00000002) for __rt_exit_prels_1
    rtexit.o(.ARM.exidx) refers (Special) to rtexit2.o(.ARM.Collect$$rtexit$$00000004) for __rt_exit_exit
    rtexit.o(.ARM.exidx) refers (Special) to rtexit2.o(.ARM.Collect$$rtexit$$00000003) for __rt_exit_ls
    rtexit.o(.ARM.exidx) refers (Special) to rtexit2.o(.ARM.Collect$$rtexit$$00000002) for __rt_exit_prels_1
    rtexit.o(.ARM.exidx) refers to rtexit.o(.ARM.Collect$$rtexit$$00000000) for .ARM.Collect$$rtexit$$00000000
    rt_raise.o(.text) refers to __raise.o(.text) for __raise
    rt_raise.o(.text) refers to sys_exit.o(.text) for _sys_exit
    defsig_exit.o(.text) refers to sys_exit.o(.text) for _sys_exit
    defsig_fpe_inner.o(.text) refers to defsig_general.o(.text) for __default_signal_display
    libinit2.o(.ARM.Collect$$libinit$$00000001) refers to fpinit.o(x$fpl$fpinit) for _fp_init
    libinit2.o(.ARM.Collect$$libinit$$00000010) refers to libinit2.o(.ARM.Collect$$libinit$$0000000F) for .ARM.Collect$$libinit$$0000000F
    libinit2.o(.ARM.Collect$$libinit$$00000012) refers to libinit2.o(.ARM.Collect$$libinit$$0000000F) for .ARM.Collect$$libinit$$0000000F
    libinit2.o(.ARM.Collect$$libinit$$00000014) refers to libinit2.o(.ARM.Collect$$libinit$$0000000F) for .ARM.Collect$$libinit$$0000000F
    libinit2.o(.ARM.Collect$$libinit$$00000016) refers to libinit2.o(.ARM.Collect$$libinit$$0000000F) for .ARM.Collect$$libinit$$0000000F
    libinit2.o(.ARM.Collect$$libinit$$00000018) refers to libinit2.o(.ARM.Collect$$libinit$$0000000F) for .ARM.Collect$$libinit$$0000000F
    libinit2.o(.ARM.Collect$$libinit$$00000026) refers to argv_veneer.o(.emb_text) for __ARM_argv_veneer
    libinit2.o(.ARM.Collect$$libinit$$00000027) refers to argv_veneer.o(.emb_text) for __ARM_argv_veneer
    sys_exit.o(.text) refers (Special) to use_no_semi.o(.text) for __I$use$semihosting
    sys_exit.o(.text) refers (Special) to indicate_semi.o(.text) for __semihosting_library_function
    rtexit2.o(.ARM.Collect$$rtexit$$00000003) refers to libshutdown.o(.ARM.Collect$$libshutdown$$00000000) for __rt_lib_shutdown
    rtexit2.o(.ARM.Collect$$rtexit$$00000004) refers to sys_exit.o(.text) for _sys_exit
    rtexit2.o(.ARM.exidx) refers to rtexit2.o(.ARM.Collect$$rtexit$$00000001) for .ARM.Collect$$rtexit$$00000001
    rtexit2.o(.ARM.exidx) refers to rtexit2.o(.ARM.Collect$$rtexit$$00000003) for .ARM.Collect$$rtexit$$00000003
    rtexit2.o(.ARM.exidx) refers to rtexit2.o(.ARM.Collect$$rtexit$$00000004) for .ARM.Collect$$rtexit$$00000004
    __raise.o(.text) refers to defsig.o(CL$$defsig) for __default_signal_handler
    defsig_general.o(.text) refers to sys_wrch.o(.text) for _ttywrch
    argv_veneer.o(.emb_text) refers to no_argv.o(.text) for __ARM_get_argv
    sys_wrch.o(.text) refers (Special) to use_no_semi.o(.text) for __I$use$semihosting
    sys_wrch.o(.text) refers (Special) to indicate_semi.o(.text) for __semihosting_library_function
    defsig.o(CL$$defsig) refers to defsig_fpe_inner.o(.text) for __rt_SIGFPE_inner
    defsig.o(CL$$defsig) refers to defsig_rtmem_inner.o(.text) for __rt_SIGRTMEM_inner
    _get_argv_nomalloc.o(.text) refers (Special) to hrguard.o(.text) for __heap_region$guard
    _get_argv_nomalloc.o(.text) refers to defsig_rtmem_outer.o(.text) for __rt_SIGRTMEM
    _get_argv_nomalloc.o(.text) refers to sys_command.o(.text) for _sys_command_string
    libshutdown.o(.ARM.Collect$$libshutdown$$00000000) refers (Special) to libshutdown2.o(.ARM.Collect$$libshutdown$$00000002) for __rt_lib_shutdown_cpp_1
    libshutdown.o(.ARM.Collect$$libshutdown$$00000000) refers (Special) to libshutdown2.o(.ARM.Collect$$libshutdown$$00000007) for __rt_lib_shutdown_fp_trap_1
    libshutdown.o(.ARM.Collect$$libshutdown$$00000000) refers (Special) to libshutdown2.o(.ARM.Collect$$libshutdown$$0000000F) for __rt_lib_shutdown_heap_1
    libshutdown.o(.ARM.Collect$$libshutdown$$00000000) refers (Special) to libshutdown2.o(.ARM.Collect$$libshutdown$$00000010) for __rt_lib_shutdown_return
    libshutdown.o(.ARM.Collect$$libshutdown$$00000000) refers (Special) to libshutdown2.o(.ARM.Collect$$libshutdown$$0000000A) for __rt_lib_shutdown_signal_1
    libshutdown.o(.ARM.Collect$$libshutdown$$00000000) refers (Special) to libshutdown2.o(.ARM.Collect$$libshutdown$$00000004) for __rt_lib_shutdown_stdio_1
    libshutdown.o(.ARM.Collect$$libshutdown$$00000000) refers (Special) to libshutdown2.o(.ARM.Collect$$libshutdown$$0000000C) for __rt_lib_shutdown_user_alloc_1
    sys_command.o(.text) refers (Special) to use_no_semi.o(.text) for __I$use$semihosting
    sys_command.o(.text) refers (Special) to indicate_semi.o(.text) for __semihosting_library_function
    defsig_abrt_inner.o(.text) refers to defsig_general.o(.text) for __default_signal_display
    defsig_rtred_inner.o(.text) refers to defsig_general.o(.text) for __default_signal_display
    defsig_rtmem_inner.o(.text) refers to defsig_general.o(.text) for __default_signal_display
    defsig_rtmem_outer.o(.text) refers to defsig_rtmem_inner.o(.text) for __rt_SIGRTMEM_inner
    defsig_rtmem_outer.o(.text) refers to defsig_exit.o(.text) for __sig_exit
    defsig_rtmem_formal.o(.text) refers to rt_raise.o(.text) for __rt_raise
    defsig_stak_inner.o(.text) refers to defsig_general.o(.text) for __default_signal_display
    defsig_pvfn_inner.o(.text) refers to defsig_general.o(.text) for __default_signal_display
    defsig_cppl_inner.o(.text) refers to defsig_general.o(.text) for __default_signal_display
    defsig_segv_inner.o(.text) refers to defsig_general.o(.text) for __default_signal_display
    defsig_other.o(.text) refers to defsig_general.o(.text) for __default_signal_display


==============================================================================

Removing Unused input sections from the image.

    Removing led_program.o(i.led_init), (132 bytes).
    Removing led_program.o(i.led_off), (78 bytes).
    Removing led_program.o(i.led_on), (78 bytes).
    Removing led_program.o(i.led_toggle), (76 bytes).
    Removing led_program.o(.data), (15 bytes).
    Removing gpio_program.o(.rev16_text), (4 bytes).
    Removing gpio_program.o(.revsh_text), (4 bytes).
    Removing gpio_program.o(.rrx_text), (6 bytes).
    Removing gpio_program.o(i.gpio_pin_toggle), (120 bytes).
    Removing systick_program.o(i.systick_disable), (30 bytes).
    Removing systick_program.o(i.systick_enable), (20 bytes).
    Removing systick_program.o(i.systick_init), (88 bytes).
    Removing systick_program.o(i.systick_reload), (78 bytes).
    Removing systick_program.o(i.systick_set_callback), (20 bytes).
    Removing gpt_program.o(.rev16_text), (4 bytes).
    Removing gpt_program.o(.revsh_text), (4 bytes).
    Removing gpt_program.o(.rrx_text), (6 bytes).
    Removing gpt_program.o(i.__NVIC_DisableIRQ), (60 bytes).
    Removing gpt_program.o(i.gpt_disable_notificatoin), (244 bytes).
    Removing gpt_program.o(i.gpt_stop_timer), (52 bytes).
    Removing pwm_program.o(i.pwm_stop), (40 bytes).
    Removing system_tm4c123.o(.rev16_text), (4 bytes).
    Removing system_tm4c123.o(.revsh_text), (4 bytes).
    Removing system_tm4c123.o(.rrx_text), (6 bytes).
    Removing system_tm4c123.o(i.SystemCoreClockUpdate), (196 bytes).
    Removing system_tm4c123.o(i.getOscClk), (244 bytes).
    Removing system_tm4c123.o(.data), (4 bytes).

27 unused section(s) (total 1617 bytes) removed from the image.

==============================================================================

Image Symbol Table

    Local Symbols

    Symbol Name                              Value     Ov Type        Size  Object(Section)

    RESET                                    0x00000000   Section      620  startup_tm4c123.o(RESET)
    ../clib/angel/boardlib.s                 0x00000000   Number         0  boardinit1.o ABSOLUTE
    ../clib/angel/boardlib.s                 0x00000000   Number         0  boardshut.o ABSOLUTE
    ../clib/angel/boardlib.s                 0x00000000   Number         0  boardinit3.o ABSOLUTE
    ../clib/angel/boardlib.s                 0x00000000   Number         0  boardinit2.o ABSOLUTE
    ../clib/angel/handlers.s                 0x00000000   Number         0  __scatter_copy.o ABSOLUTE
    ../clib/angel/handlers.s                 0x00000000   Number         0  __scatter_zi.o ABSOLUTE
    ../clib/angel/kernel.s                   0x00000000   Number         0  rtexit.o ABSOLUTE
    ../clib/angel/kernel.s                   0x00000000   Number         0  __rtentry.o ABSOLUTE
    ../clib/angel/kernel.s                   0x00000000   Number         0  __rtentry2.o ABSOLUTE
    ../clib/angel/kernel.s                   0x00000000   Number         0  rtexit2.o ABSOLUTE
    ../clib/angel/kernel.s                   0x00000000   Number         0  __rtentry4.o ABSOLUTE
    ../clib/angel/rt.s                       0x00000000   Number         0  rt_div0.o ABSOLUTE
    ../clib/angel/rt.s                       0x00000000   Number         0  aeabi_ldiv0.o ABSOLUTE
    ../clib/angel/rt.s                       0x00000000   Number         0  aeabi_ldiv0_sigfpe.o ABSOLUTE
    ../clib/angel/rt.s                       0x00000000   Number         0  rt_raise.o ABSOLUTE
    ../clib/angel/scatter.s                  0x00000000   Number         0  __scatter.o ABSOLUTE
    ../clib/angel/startup.s                  0x00000000   Number         0  __main.o ABSOLUTE
    ../clib/angel/sys.s                      0x00000000   Number         0  libspace.o ABSOLUTE
    ../clib/angel/sys.s                      0x00000000   Number         0  indicate_semi.o ABSOLUTE
    ../clib/angel/sys.s                      0x00000000   Number         0  use_no_semi.o ABSOLUTE
    ../clib/angel/sys.s                      0x00000000   Number         0  sys_stackheap_outer.o ABSOLUTE
    ../clib/angel/sysapp.c                   0x00000000   Number         0  sys_wrch.o ABSOLUTE
    ../clib/angel/sysapp.c                   0x00000000   Number         0  sys_exit.o ABSOLUTE
    ../clib/angel/sysapp.c                   0x00000000   Number         0  sys_command.o ABSOLUTE
    ../clib/armsys.c                         0x00000000   Number         0  argv_veneer.o ABSOLUTE
    ../clib/armsys.c                         0x00000000   Number         0  argv_veneer.o ABSOLUTE
    ../clib/armsys.c                         0x00000000   Number         0  no_argv.o ABSOLUTE
    ../clib/armsys.c                         0x00000000   Number         0  _get_argv_nomalloc.o ABSOLUTE
    ../clib/heapalloc.c                      0x00000000   Number         0  hrguard.o ABSOLUTE
    ../clib/heapaux.c                        0x00000000   Number         0  heapauxi.o ABSOLUTE
    ../clib/libinit.s                        0x00000000   Number         0  libinit.o ABSOLUTE
    ../clib/libinit.s                        0x00000000   Number         0  libshutdown2.o ABSOLUTE
    ../clib/libinit.s                        0x00000000   Number         0  libinit2.o ABSOLUTE
    ../clib/libinit.s                        0x00000000   Number         0  libshutdown.o ABSOLUTE
    ../clib/longlong.s                       0x00000000   Number         0  lludivv7m.o ABSOLUTE
    ../clib/signal.c                         0x00000000   Number         0  defsig_fpe_formal.o ABSOLUTE
    ../clib/signal.c                         0x00000000   Number         0  defsig_abrt_inner.o ABSOLUTE
    ../clib/signal.c                         0x00000000   Number         0  defsig_rtmem_inner.o ABSOLUTE
    ../clib/signal.c                         0x00000000   Number         0  defsig_general.o ABSOLUTE
    ../clib/signal.c                         0x00000000   Number         0  defsig_rtred_inner.o ABSOLUTE
    ../clib/signal.c                         0x00000000   Number         0  defsig_rtmem_outer.o ABSOLUTE
    ../clib/signal.c                         0x00000000   Number         0  __raise.o ABSOLUTE
    ../clib/signal.c                         0x00000000   Number         0  defsig_rtmem_formal.o ABSOLUTE
    ../clib/signal.c                         0x00000000   Number         0  defsig_fpe_outer.o ABSOLUTE
    ../clib/signal.c                         0x00000000   Number         0  defsig_stak_inner.o ABSOLUTE
    ../clib/signal.c                         0x00000000   Number         0  defsig_pvfn_inner.o ABSOLUTE
    ../clib/signal.c                         0x00000000   Number         0  defsig_cppl_inner.o ABSOLUTE
    ../clib/signal.c                         0x00000000   Number         0  defsig_segv_inner.o ABSOLUTE
    ../clib/signal.c                         0x00000000   Number         0  defsig_other.o ABSOLUTE
    ../clib/signal.c                         0x00000000   Number         0  defsig_fpe_inner.o ABSOLUTE
    ../clib/signal.c                         0x00000000   Number         0  defsig_exit.o ABSOLUTE
    ../clib/signal.s                         0x00000000   Number         0  defsig.o ABSOLUTE
    ../clib/stdlib.c                         0x00000000   Number         0  exit.o ABSOLUTE
    ../fplib/fpinit.s                        0x00000000   Number         0  fpinit.o ABSOLUTE
    APP\app.c                                0x00000000   Number         0  app.o ABSOLUTE
    HAL\button\button_program.c              0x00000000   Number         0  button_program.o ABSOLUTE
    HAL\led\led_program.c                    0x00000000   Number         0  led_program.o ABSOLUTE
    MCAL\\gpio\\gpio_program.c               0x00000000   Number         0  gpio_program.o ABSOLUTE
    MCAL\\gpt\\gpt_program.c                 0x00000000   Number         0  gpt_program.o ABSOLUTE
    MCAL\gpio\gpio_program.c                 0x00000000   Number         0  gpio_program.o ABSOLUTE
    MCAL\gpt\gpt_program.c                   0x00000000   Number         0  gpt_program.o ABSOLUTE
    MCAL\systick\systick_program.c           0x00000000   Number         0  systick_program.o ABSOLUTE
    RTE\Device\TM4C123GH6PM\startup_TM4C123.s 0x00000000   Number         0  startup_tm4c123.o ABSOLUTE
    RTE\Device\TM4C123GH6PM\system_TM4C123.c 0x00000000   Number         0  system_tm4c123.o ABSOLUTE
    RTE\\Device\\TM4C123GH6PM\\system_TM4C123.c 0x00000000   Number         0  system_tm4c123.o ABSOLUTE
    SERV\pwm_manager\pwm_program.c           0x00000000   Number         0  pwm_program.o ABSOLUTE
    dc.s                                     0x00000000   Number         0  dc.o ABSOLUTE
    main\main.c                              0x00000000   Number         0  main.o ABSOLUTE
    !!!main                                  0x0000026c   Section        8  __main.o(!!!main)
    !!!scatter                               0x00000274   Section       52  __scatter.o(!!!scatter)
    !!handler_copy                           0x000002a8   Section       26  __scatter_copy.o(!!handler_copy)
    !!handler_zi                             0x000002c4   Section       28  __scatter_zi.o(!!handler_zi)
    .ARM.Collect$$libinit$$00000000          0x000002e0   Section        2  libinit.o(.ARM.Collect$$libinit$$00000000)
    .ARM.Collect$$libinit$$00000001          0x000002e2   Section        4  libinit2.o(.ARM.Collect$$libinit$$00000001)
    .ARM.Collect$$libinit$$00000004          0x000002e6   Section        0  libinit2.o(.ARM.Collect$$libinit$$00000004)
    .ARM.Collect$$libinit$$0000000A          0x000002e6   Section        0  libinit2.o(.ARM.Collect$$libinit$$0000000A)
    .ARM.Collect$$libinit$$0000000C          0x000002e6   Section        0  libinit2.o(.ARM.Collect$$libinit$$0000000C)
    .ARM.Collect$$libinit$$0000000E          0x000002e6   Section        0  libinit2.o(.ARM.Collect$$libinit$$0000000E)
    .ARM.Collect$$libinit$$00000011          0x000002e6   Section        0  libinit2.o(.ARM.Collect$$libinit$$00000011)
    .ARM.Collect$$libinit$$00000013          0x000002e6   Section        0  libinit2.o(.ARM.Collect$$libinit$$00000013)
    .ARM.Collect$$libinit$$00000015          0x000002e6   Section        0  libinit2.o(.ARM.Collect$$libinit$$00000015)
    .ARM.Collect$$libinit$$00000017          0x000002e6   Section        0  libinit2.o(.ARM.Collect$$libinit$$00000017)
    .ARM.Collect$$libinit$$00000019          0x000002e6   Section        0  libinit2.o(.ARM.Collect$$libinit$$00000019)
    .ARM.Collect$$libinit$$0000001B          0x000002e6   Section        0  libinit2.o(.ARM.Collect$$libinit$$0000001B)
    .ARM.Collect$$libinit$$0000001D          0x000002e6   Section        0  libinit2.o(.ARM.Collect$$libinit$$0000001D)
    .ARM.Collect$$libinit$$0000001F          0x000002e6   Section        0  libinit2.o(.ARM.Collect$$libinit$$0000001F)
    .ARM.Collect$$libinit$$00000021          0x000002e6   Section        0  libinit2.o(.ARM.Collect$$libinit$$00000021)
    .ARM.Collect$$libinit$$00000023          0x000002e6   Section        0  libinit2.o(.ARM.Collect$$libinit$$00000023)
    .ARM.Collect$$libinit$$00000025          0x000002e6   Section        0  libinit2.o(.ARM.Collect$$libinit$$00000025)
    .ARM.Collect$$libinit$$0000002C          0x000002e6   Section        0  libinit2.o(.ARM.Collect$$libinit$$0000002C)
    .ARM.Collect$$libinit$$0000002E          0x000002e6   Section        0  libinit2.o(.ARM.Collect$$libinit$$0000002E)
    .ARM.Collect$$libinit$$00000030          0x000002e6   Section        0  libinit2.o(.ARM.Collect$$libinit$$00000030)
    .ARM.Collect$$libinit$$00000032          0x000002e6   Section        0  libinit2.o(.ARM.Collect$$libinit$$00000032)
    .ARM.Collect$$libinit$$00000033          0x000002e6   Section        2  libinit2.o(.ARM.Collect$$libinit$$00000033)
    .ARM.Collect$$libshutdown$$00000000      0x000002e8   Section        2  libshutdown.o(.ARM.Collect$$libshutdown$$00000000)
    .ARM.Collect$$libshutdown$$00000002      0x000002ea   Section        0  libshutdown2.o(.ARM.Collect$$libshutdown$$00000002)
    .ARM.Collect$$libshutdown$$00000004      0x000002ea   Section        0  libshutdown2.o(.ARM.Collect$$libshutdown$$00000004)
    .ARM.Collect$$libshutdown$$00000007      0x000002ea   Section        0  libshutdown2.o(.ARM.Collect$$libshutdown$$00000007)
    .ARM.Collect$$libshutdown$$0000000A      0x000002ea   Section        0  libshutdown2.o(.ARM.Collect$$libshutdown$$0000000A)
    .ARM.Collect$$libshutdown$$0000000C      0x000002ea   Section        0  libshutdown2.o(.ARM.Collect$$libshutdown$$0000000C)
    .ARM.Collect$$libshutdown$$0000000F      0x000002ea   Section        0  libshutdown2.o(.ARM.Collect$$libshutdown$$0000000F)
    .ARM.Collect$$libshutdown$$00000010      0x000002ea   Section        2  libshutdown2.o(.ARM.Collect$$libshutdown$$00000010)
    .ARM.Collect$$rtentry$$00000000          0x000002ec   Section        0  __rtentry.o(.ARM.Collect$$rtentry$$00000000)
    .ARM.Collect$$rtentry$$00000002          0x000002ec   Section        0  __rtentry2.o(.ARM.Collect$$rtentry$$00000002)
    .ARM.Collect$$rtentry$$00000004          0x000002ec   Section        6  __rtentry4.o(.ARM.Collect$$rtentry$$00000004)
    .ARM.Collect$$rtentry$$00000009          0x000002f2   Section        0  __rtentry2.o(.ARM.Collect$$rtentry$$00000009)
    .ARM.Collect$$rtentry$$0000000A          0x000002f2   Section        4  __rtentry2.o(.ARM.Collect$$rtentry$$0000000A)
    .ARM.Collect$$rtentry$$0000000C          0x000002f6   Section        0  __rtentry2.o(.ARM.Collect$$rtentry$$0000000C)
    .ARM.Collect$$rtentry$$0000000D          0x000002f6   Section        8  __rtentry2.o(.ARM.Collect$$rtentry$$0000000D)
    .ARM.Collect$$rtexit$$00000000           0x000002fe   Section        2  rtexit.o(.ARM.Collect$$rtexit$$00000000)
    .ARM.Collect$$rtexit$$00000002           0x00000300   Section        0  rtexit2.o(.ARM.Collect$$rtexit$$00000002)
    .ARM.Collect$$rtexit$$00000003           0x00000300   Section        4  rtexit2.o(.ARM.Collect$$rtexit$$00000003)
    .ARM.Collect$$rtexit$$00000004           0x00000304   Section        6  rtexit2.o(.ARM.Collect$$rtexit$$00000004)
    .text                                    0x0000030c   Section      276  startup_tm4c123.o(.text)
    $v0                                      0x0000030c   Number         0  startup_tm4c123.o(.text)
    .text                                    0x00000420   Section      238  lludivv7m.o(.text)
    .text                                    0x0000050e   Section        0  heapauxi.o(.text)
    .text                                    0x00000514   Section       74  sys_stackheap_outer.o(.text)
    .text                                    0x0000055e   Section        0  exit.o(.text)
    .text                                    0x00000570   Section        8  libspace.o(.text)
    .text                                    0x00000578   Section        0  sys_exit.o(.text)
    .text                                    0x00000584   Section        2  use_no_semi.o(.text)
    .text                                    0x00000586   Section        0  indicate_semi.o(.text)
    i.GPIOF_Handler                          0x00000588   Section        0  gpio_program.o(i.GPIOF_Handler)
    i.SysTick_Handler                        0x000005a8   Section        0  systick_program.o(i.SysTick_Handler)
    i.SystemInit                             0x000005bc   Section        0  system_tm4c123.o(i.SystemInit)
    i.TIMER0A_Handler                        0x00000638   Section        0  gpt_program.o(i.TIMER0A_Handler)
    i.TIMER1A_Handler                        0x000006a8   Section        0  gpt_program.o(i.TIMER1A_Handler)
    i.__NVIC_EnableIRQ                       0x00000718   Section        0  gpt_program.o(i.__NVIC_EnableIRQ)
    __NVIC_EnableIRQ                         0x00000719   Thumb Code    34  gpt_program.o(i.__NVIC_EnableIRQ)
    i.app_button_task                        0x0000073c   Section        0  app.o(i.app_button_task)
    app_button_task                          0x0000073d   Thumb Code   170  app.o(i.app_button_task)
    i.app_init                               0x000007f0   Section        0  app.o(i.app_init)
    i.button_get_state                       0x00000820   Section        0  button_program.o(i.button_get_state)
    i.button_init                            0x000008b0   Section        0  button_program.o(i.button_init)
    i.gpio_pin_enable_notification           0x0000091c   Section        0  gpio_program.o(i.gpio_pin_enable_notification)
    i.gpio_pin_init                          0x00000ae4   Section        0  gpio_program.o(i.gpio_pin_init)
    i.gpio_pin_read                          0x00001124   Section        0  gpio_program.o(i.gpio_pin_read)
    i.gpio_pin_set_callback                  0x00001188   Section        0  gpio_program.o(i.gpio_pin_set_callback)
    i.gpio_pin_write                         0x000011d8   Section        0  gpio_program.o(i.gpio_pin_write)
    i.gpt_enable_notificatoin                0x000012a0   Section        0  gpt_program.o(i.gpt_enable_notificatoin)
    i.gpt_get_unused_channel                 0x000013ac   Section        0  gpt_program.o(i.gpt_get_unused_channel)
    i.gpt_init                               0x000013d4   Section        0  gpt_program.o(i.gpt_init)
    i.gpt_set_callback                       0x000015a0   Section        0  gpt_program.o(i.gpt_set_callback)
    i.gpt_set_time                           0x000015c0   Section        0  gpt_program.o(i.gpt_set_time)
    i.gpt_start_timer                        0x000017bc   Section        0  gpt_program.o(i.gpt_start_timer)
    i.main                                   0x000017f0   Section        0  main.o(i.main)
    i.pwm0_task                              0x000017f8   Section        0  pwm_program.o(i.pwm0_task)
    pwm0_task                                0x000017f9   Thumb Code    86  pwm_program.o(i.pwm0_task)
    i.pwm10_task                             0x00001860   Section        0  pwm_program.o(i.pwm10_task)
    pwm10_task                               0x00001861   Thumb Code    86  pwm_program.o(i.pwm10_task)
    i.pwm11_task                             0x000018c8   Section        0  pwm_program.o(i.pwm11_task)
    pwm11_task                               0x000018c9   Thumb Code    86  pwm_program.o(i.pwm11_task)
    i.pwm1_task                              0x00001930   Section        0  pwm_program.o(i.pwm1_task)
    pwm1_task                                0x00001931   Thumb Code    86  pwm_program.o(i.pwm1_task)
    i.pwm2_task                              0x00001998   Section        0  pwm_program.o(i.pwm2_task)
    pwm2_task                                0x00001999   Thumb Code    86  pwm_program.o(i.pwm2_task)
    i.pwm3_task                              0x00001a00   Section        0  pwm_program.o(i.pwm3_task)
    pwm3_task                                0x00001a01   Thumb Code    86  pwm_program.o(i.pwm3_task)
    i.pwm4_task                              0x00001a68   Section        0  pwm_program.o(i.pwm4_task)
    pwm4_task                                0x00001a69   Thumb Code    86  pwm_program.o(i.pwm4_task)
    i.pwm5_task                              0x00001ad0   Section        0  pwm_program.o(i.pwm5_task)
    pwm5_task                                0x00001ad1   Thumb Code    86  pwm_program.o(i.pwm5_task)
    i.pwm6_task                              0x00001b38   Section        0  pwm_program.o(i.pwm6_task)
    pwm6_task                                0x00001b39   Thumb Code    86  pwm_program.o(i.pwm6_task)
    i.pwm7_task                              0x00001ba0   Section        0  pwm_program.o(i.pwm7_task)
    pwm7_task                                0x00001ba1   Thumb Code    86  pwm_program.o(i.pwm7_task)
    i.pwm8_task                              0x00001c08   Section        0  pwm_program.o(i.pwm8_task)
    pwm8_task                                0x00001c09   Thumb Code    86  pwm_program.o(i.pwm8_task)
    i.pwm9_task                              0x00001c70   Section        0  pwm_program.o(i.pwm9_task)
    pwm9_task                                0x00001c71   Thumb Code    86  pwm_program.o(i.pwm9_task)
    i.pwm_init                               0x00001cd8   Section        0  pwm_program.o(i.pwm_init)
    i.pwm_set_duty_cycle                     0x00001e68   Section        0  pwm_program.o(i.pwm_set_duty_cycle)
    i.pwm_set_frequency                      0x00001e80   Section        0  pwm_program.o(i.pwm_set_frequency)
    i.pwm_start                              0x00001ec8   Section        0  pwm_program.o(i.pwm_start)
    x$fpl$fpinit                             0x00001ede   Section       10  fpinit.o(x$fpl$fpinit)
    $v0                                      0x00001ede   Number         0  fpinit.o(x$fpl$fpinit)
    .data                                    0x20000000   Section        1  app.o(.data)
    enu_pressing_state                       0x20000000   Data           1  app.o(.data)
    .data                                    0x20000004   Section        9  button_program.o(.data)
    .data                                    0x20000010   Section        4  gpio_program.o(.data)
    .data                                    0x20000014   Section        8  systick_program.o(.data)
    .data                                    0x2000001c   Section        8  gpt_program.o(.data)
    uint32_ovf_counter                       0x2000001c   Data           4  gpt_program.o(.data)
    uint32_ovf_counter                       0x20000020   Data           4  gpt_program.o(.data)
    .data                                    0x20000024   Section       24  pwm_program.o(.data)
    uint8_flag                               0x20000024   Data           1  pwm_program.o(.data)
    uint8_counter                            0x20000025   Data           1  pwm_program.o(.data)
    uint8_flag                               0x20000026   Data           1  pwm_program.o(.data)
    uint8_counter                            0x20000027   Data           1  pwm_program.o(.data)
    uint8_flag                               0x20000028   Data           1  pwm_program.o(.data)
    uint8_counter                            0x20000029   Data           1  pwm_program.o(.data)
    uint8_flag                               0x2000002a   Data           1  pwm_program.o(.data)
    uint8_counter                            0x2000002b   Data           1  pwm_program.o(.data)
    uint8_flag                               0x2000002c   Data           1  pwm_program.o(.data)
    uint8_counter                            0x2000002d   Data           1  pwm_program.o(.data)
    uint8_flag                               0x2000002e   Data           1  pwm_program.o(.data)
    uint8_counter                            0x2000002f   Data           1  pwm_program.o(.data)
    uint8_flag                               0x20000030   Data           1  pwm_program.o(.data)
    uint8_counter                            0x20000031   Data           1  pwm_program.o(.data)
    uint8_flag                               0x20000032   Data           1  pwm_program.o(.data)
    uint8_counter                            0x20000033   Data           1  pwm_program.o(.data)
    uint8_flag                               0x20000034   Data           1  pwm_program.o(.data)
    uint8_counter                            0x20000035   Data           1  pwm_program.o(.data)
    uint8_flag                               0x20000036   Data           1  pwm_program.o(.data)
    uint8_counter                            0x20000037   Data           1  pwm_program.o(.data)
    uint8_flag                               0x20000038   Data           1  pwm_program.o(.data)
    uint8_counter                            0x20000039   Data           1  pwm_program.o(.data)
    uint8_flag                               0x2000003a   Data           1  pwm_program.o(.data)
    uint8_counter                            0x2000003b   Data           1  pwm_program.o(.data)
    .bss                                     0x2000003c   Section       12  app.o(.bss)
    .bss                                     0x20000048   Section      156  gpt_program.o(.bss)
    gl_arr_uint8_gpt_used                    0x20000048   Data          12  gpt_program.o(.bss)
    gl_arr_uint32_number_of_ovfs             0x20000054   Data          48  gpt_program.o(.bss)
    gl_arr_uint32_reloading_value            0x20000084   Data          48  gpt_program.o(.bss)
    gl_arr_ptr_callback                      0x200000b4   Data          48  gpt_program.o(.bss)
    .bss                                     0x200000e4   Section       24  pwm_program.o(.bss)
    gl_arr_uint32_pwm_time_on                0x200000e4   Data          12  pwm_program.o(.bss)
    gl_arr_enu_pin_index                     0x200000f0   Data          12  pwm_program.o(.bss)
    .bss                                     0x200000fc   Section       96  libspace.o(.bss)
    HEAP                                     0x20000160   Section        0  startup_tm4c123.o(HEAP)
    STACK                                    0x20000160   Section      512  startup_tm4c123.o(STACK)
    Heap_Mem                                 0x20000160   Data           0  startup_tm4c123.o(HEAP)
    Stack_Mem                                0x20000160   Data         512  startup_tm4c123.o(STACK)
    __initial_sp                             0x20000360   Data           0  startup_tm4c123.o(STACK)

    Global Symbols

    Symbol Name                              Value     Ov Type        Size  Object(Section)

    BuildAttributes$$THM_ISAv4$E$P$D$K$B$S$7EM$VFPi3$EXTD16$VFPS$VFMA$PE$A:L22UL41UL21$X:L11$S22US41US21$IEEE1$IW$USESV6$~STKCKD$USESV7$~SHL$OSPACE$ROPI$EBA8$UX$STANDARDLIB$REQ8$PRES8$EABIv2 0x00000000   Number         0  anon$$obj.o ABSOLUTE
    __ARM_use_no_argv                        0x00000000   Number         0  main.o ABSOLUTE
    __Vectors                                0x00000000   Data           4  startup_tm4c123.o(RESET)
    __ARM_exceptions_init                     - Undefined Weak Reference
    __alloca_initialize                       - Undefined Weak Reference
    __arm_preinit_                            - Undefined Weak Reference
    __cpp_initialize__aeabi_                  - Undefined Weak Reference
    __cxa_finalize                            - Undefined Weak Reference
    __rt_locale                               - Undefined Weak Reference
    __sigvec_lookup                           - Undefined Weak Reference
    _atexit_init                              - Undefined Weak Reference
    _call_atexit_fns                          - Undefined Weak Reference
    _clock_init                               - Undefined Weak Reference
    _fp_trap_init                             - Undefined Weak Reference
    _fp_trap_shutdown                         - Undefined Weak Reference
    _get_lc_collate                           - Undefined Weak Reference
    _get_lc_ctype                             - Undefined Weak Reference
    _get_lc_monetary                          - Undefined Weak Reference
    _get_lc_numeric                           - Undefined Weak Reference
    _get_lc_time                              - Undefined Weak Reference
    _getenv_init                              - Undefined Weak Reference
    _handle_redirection                       - Undefined Weak Reference
    _init_alloc                               - Undefined Weak Reference
    _init_user_alloc                          - Undefined Weak Reference
    _initio                                   - Undefined Weak Reference
    _rand_init                                - Undefined Weak Reference
    _signal_finish                            - Undefined Weak Reference
    _signal_init                              - Undefined Weak Reference
    _terminate_alloc                          - Undefined Weak Reference
    _terminate_user_alloc                     - Undefined Weak Reference
    _terminateio                              - Undefined Weak Reference
    __Vectors_End                            0x0000026c   Data           0  startup_tm4c123.o(RESET)
    __Vectors_Size                           0x0000026c   Number         0  startup_tm4c123.o ABSOLUTE
    __main                                   0x0000026d   Thumb Code     8  __main.o(!!!main)
    __scatterload                            0x00000275   Thumb Code     0  __scatter.o(!!!scatter)
    __scatterload_rt2                        0x00000275   Thumb Code    44  __scatter.o(!!!scatter)
    __scatterload_rt2_thumb_only             0x00000275   Thumb Code     0  __scatter.o(!!!scatter)
    __scatterload_null                       0x00000283   Thumb Code     0  __scatter.o(!!!scatter)
    __scatterload_copy                       0x000002a9   Thumb Code    26  __scatter_copy.o(!!handler_copy)
    __scatterload_zeroinit                   0x000002c5   Thumb Code    28  __scatter_zi.o(!!handler_zi)
    __rt_lib_init                            0x000002e1   Thumb Code     0  libinit.o(.ARM.Collect$$libinit$$00000000)
    __rt_lib_init_fp_1                       0x000002e3   Thumb Code     0  libinit2.o(.ARM.Collect$$libinit$$00000001)
    __rt_lib_init_alloca_1                   0x000002e7   Thumb Code     0  libinit2.o(.ARM.Collect$$libinit$$0000002E)
    __rt_lib_init_argv_1                     0x000002e7   Thumb Code     0  libinit2.o(.ARM.Collect$$libinit$$0000002C)
    __rt_lib_init_atexit_1                   0x000002e7   Thumb Code     0  libinit2.o(.ARM.Collect$$libinit$$0000001B)
    __rt_lib_init_clock_1                    0x000002e7   Thumb Code     0  libinit2.o(.ARM.Collect$$libinit$$00000021)
    __rt_lib_init_cpp_1                      0x000002e7   Thumb Code     0  libinit2.o(.ARM.Collect$$libinit$$00000032)
    __rt_lib_init_exceptions_1               0x000002e7   Thumb Code     0  libinit2.o(.ARM.Collect$$libinit$$00000030)
    __rt_lib_init_fp_trap_1                  0x000002e7   Thumb Code     0  libinit2.o(.ARM.Collect$$libinit$$0000001F)
    __rt_lib_init_getenv_1                   0x000002e7   Thumb Code     0  libinit2.o(.ARM.Collect$$libinit$$00000023)
    __rt_lib_init_heap_1                     0x000002e7   Thumb Code     0  libinit2.o(.ARM.Collect$$libinit$$0000000A)
    __rt_lib_init_lc_collate_1               0x000002e7   Thumb Code     0  libinit2.o(.ARM.Collect$$libinit$$00000011)
    __rt_lib_init_lc_ctype_1                 0x000002e7   Thumb Code     0  libinit2.o(.ARM.Collect$$libinit$$00000013)
    __rt_lib_init_lc_monetary_1              0x000002e7   Thumb Code     0  libinit2.o(.ARM.Collect$$libinit$$00000015)
    __rt_lib_init_lc_numeric_1               0x000002e7   Thumb Code     0  libinit2.o(.ARM.Collect$$libinit$$00000017)
    __rt_lib_init_lc_time_1                  0x000002e7   Thumb Code     0  libinit2.o(.ARM.Collect$$libinit$$00000019)
    __rt_lib_init_preinit_1                  0x000002e7   Thumb Code     0  libinit2.o(.ARM.Collect$$libinit$$00000004)
    __rt_lib_init_rand_1                     0x000002e7   Thumb Code     0  libinit2.o(.ARM.Collect$$libinit$$0000000E)
    __rt_lib_init_return                     0x000002e7   Thumb Code     0  libinit2.o(.ARM.Collect$$libinit$$00000033)
    __rt_lib_init_signal_1                   0x000002e7   Thumb Code     0  libinit2.o(.ARM.Collect$$libinit$$0000001D)
    __rt_lib_init_stdio_1                    0x000002e7   Thumb Code     0  libinit2.o(.ARM.Collect$$libinit$$00000025)
    __rt_lib_init_user_alloc_1               0x000002e7   Thumb Code     0  libinit2.o(.ARM.Collect$$libinit$$0000000C)
    __rt_lib_shutdown                        0x000002e9   Thumb Code     0  libshutdown.o(.ARM.Collect$$libshutdown$$00000000)
    __rt_lib_shutdown_cpp_1                  0x000002eb   Thumb Code     0  libshutdown2.o(.ARM.Collect$$libshutdown$$00000002)
    __rt_lib_shutdown_fp_trap_1              0x000002eb   Thumb Code     0  libshutdown2.o(.ARM.Collect$$libshutdown$$00000007)
    __rt_lib_shutdown_heap_1                 0x000002eb   Thumb Code     0  libshutdown2.o(.ARM.Collect$$libshutdown$$0000000F)
    __rt_lib_shutdown_return                 0x000002eb   Thumb Code     0  libshutdown2.o(.ARM.Collect$$libshutdown$$00000010)
    __rt_lib_shutdown_signal_1               0x000002eb   Thumb Code     0  libshutdown2.o(.ARM.Collect$$libshutdown$$0000000A)
    __rt_lib_shutdown_stdio_1                0x000002eb   Thumb Code     0  libshutdown2.o(.ARM.Collect$$libshutdown$$00000004)
    __rt_lib_shutdown_user_alloc_1           0x000002eb   Thumb Code     0  libshutdown2.o(.ARM.Collect$$libshutdown$$0000000C)
    __rt_entry                               0x000002ed   Thumb Code     0  __rtentry.o(.ARM.Collect$$rtentry$$00000000)
    __rt_entry_presh_1                       0x000002ed   Thumb Code     0  __rtentry2.o(.ARM.Collect$$rtentry$$00000002)
    __rt_entry_sh                            0x000002ed   Thumb Code     0  __rtentry4.o(.ARM.Collect$$rtentry$$00000004)
    __rt_entry_li                            0x000002f3   Thumb Code     0  __rtentry2.o(.ARM.Collect$$rtentry$$0000000A)
    __rt_entry_postsh_1                      0x000002f3   Thumb Code     0  __rtentry2.o(.ARM.Collect$$rtentry$$00000009)
    __rt_entry_main                          0x000002f7   Thumb Code     0  __rtentry2.o(.ARM.Collect$$rtentry$$0000000D)
    __rt_entry_postli_1                      0x000002f7   Thumb Code     0  __rtentry2.o(.ARM.Collect$$rtentry$$0000000C)
    __rt_exit                                0x000002ff   Thumb Code     0  rtexit.o(.ARM.Collect$$rtexit$$00000000)
    __rt_exit_ls                             0x00000301   Thumb Code     0  rtexit2.o(.ARM.Collect$$rtexit$$00000003)
    __rt_exit_prels_1                        0x00000301   Thumb Code     0  rtexit2.o(.ARM.Collect$$rtexit$$00000002)
    __rt_exit_exit                           0x00000305   Thumb Code     0  rtexit2.o(.ARM.Collect$$rtexit$$00000004)
    Reset_Handler                            0x0000030d   Thumb Code     8  startup_tm4c123.o(.text)
    NMI_Handler                              0x00000315   Thumb Code     2  startup_tm4c123.o(.text)
    HardFault_Handler                        0x00000317   Thumb Code     2  startup_tm4c123.o(.text)
    MemManage_Handler                        0x00000319   Thumb Code     2  startup_tm4c123.o(.text)
    BusFault_Handler                         0x0000031b   Thumb Code     2  startup_tm4c123.o(.text)
    UsageFault_Handler                       0x0000031d   Thumb Code     2  startup_tm4c123.o(.text)
    SVC_Handler                              0x0000031f   Thumb Code     2  startup_tm4c123.o(.text)
    DebugMon_Handler                         0x00000321   Thumb Code     2  startup_tm4c123.o(.text)
    PendSV_Handler                           0x00000323   Thumb Code     2  startup_tm4c123.o(.text)
    GPIOA_Handler                            0x00000327   Thumb Code     2  startup_tm4c123.o(.text)
    GPIOB_Handler                            0x00000329   Thumb Code     2  startup_tm4c123.o(.text)
    GPIOC_Handler                            0x0000032b   Thumb Code     2  startup_tm4c123.o(.text)
    GPIOD_Handler                            0x0000032d   Thumb Code     2  startup_tm4c123.o(.text)
    GPIOE_Handler                            0x0000032f   Thumb Code     2  startup_tm4c123.o(.text)
    UART0_Handler                            0x00000331   Thumb Code     2  startup_tm4c123.o(.text)
    UART1_Handler                            0x00000333   Thumb Code     2  startup_tm4c123.o(.text)
    SSI0_Handler                             0x00000335   Thumb Code     2  startup_tm4c123.o(.text)
    I2C0_Handler                             0x00000337   Thumb Code     2  startup_tm4c123.o(.text)
    PMW0_FAULT_Handler                       0x00000339   Thumb Code     2  startup_tm4c123.o(.text)
    PWM0_0_Handler                           0x0000033b   Thumb Code     2  startup_tm4c123.o(.text)
    PWM0_1_Handler                           0x0000033d   Thumb Code     2  startup_tm4c123.o(.text)
    PWM0_2_Handler                           0x0000033f   Thumb Code     2  startup_tm4c123.o(.text)
    QEI0_Handler                             0x00000341   Thumb Code     2  startup_tm4c123.o(.text)
    ADC0SS0_Handler                          0x00000343   Thumb Code     2  startup_tm4c123.o(.text)
    ADC0SS1_Handler                          0x00000345   Thumb Code     2  startup_tm4c123.o(.text)
    ADC0SS2_Handler                          0x00000347   Thumb Code     2  startup_tm4c123.o(.text)
    ADC0SS3_Handler                          0x00000349   Thumb Code     2  startup_tm4c123.o(.text)
    WDT0_Handler                             0x0000034b   Thumb Code     2  startup_tm4c123.o(.text)
    TIMER0B_Handler                          0x0000034f   Thumb Code     2  startup_tm4c123.o(.text)
    TIMER1B_Handler                          0x00000353   Thumb Code     2  startup_tm4c123.o(.text)
    TIMER2A_Handler                          0x00000355   Thumb Code     2  startup_tm4c123.o(.text)
    TIMER2B_Handler                          0x00000357   Thumb Code     2  startup_tm4c123.o(.text)
    COMP0_Handler                            0x00000359   Thumb Code     2  startup_tm4c123.o(.text)
    COMP1_Handler                            0x0000035b   Thumb Code     2  startup_tm4c123.o(.text)
    COMP2_Handler                            0x0000035d   Thumb Code     2  startup_tm4c123.o(.text)
    SYSCTL_Handler                           0x0000035f   Thumb Code     2  startup_tm4c123.o(.text)
    FLASH_Handler                            0x00000361   Thumb Code     2  startup_tm4c123.o(.text)
    GPIOG_Handler                            0x00000365   Thumb Code     2  startup_tm4c123.o(.text)
    GPIOH_Handler                            0x00000367   Thumb Code     2  startup_tm4c123.o(.text)
    UART2_Handler                            0x00000369   Thumb Code     2  startup_tm4c123.o(.text)
    SSI1_Handler                             0x0000036b   Thumb Code     2  startup_tm4c123.o(.text)
    TIMER3A_Handler                          0x0000036d   Thumb Code     2  startup_tm4c123.o(.text)
    TIMER3B_Handler                          0x0000036f   Thumb Code     2  startup_tm4c123.o(.text)
    I2C1_Handler                             0x00000371   Thumb Code     2  startup_tm4c123.o(.text)
    QEI1_Handler                             0x00000373   Thumb Code     2  startup_tm4c123.o(.text)
    CAN0_Handler                             0x00000375   Thumb Code     2  startup_tm4c123.o(.text)
    CAN1_Handler                             0x00000377   Thumb Code     2  startup_tm4c123.o(.text)
    CAN2_Handler                             0x00000379   Thumb Code     2  startup_tm4c123.o(.text)
    HIB_Handler                              0x0000037b   Thumb Code     2  startup_tm4c123.o(.text)
    USB0_Handler                             0x0000037d   Thumb Code     2  startup_tm4c123.o(.text)
    PWM0_3_Handler                           0x0000037f   Thumb Code     2  startup_tm4c123.o(.text)
    UDMA_Handler                             0x00000381   Thumb Code     2  startup_tm4c123.o(.text)
    UDMAERR_Handler                          0x00000383   Thumb Code     2  startup_tm4c123.o(.text)
    ADC1SS0_Handler                          0x00000385   Thumb Code     2  startup_tm4c123.o(.text)
    ADC1SS1_Handler                          0x00000387   Thumb Code     2  startup_tm4c123.o(.text)
    ADC1SS2_Handler                          0x00000389   Thumb Code     2  startup_tm4c123.o(.text)
    ADC1SS3_Handler                          0x0000038b   Thumb Code     2  startup_tm4c123.o(.text)
    GPIOJ_Handler                            0x0000038d   Thumb Code     2  startup_tm4c123.o(.text)
    GPIOK_Handler                            0x0000038f   Thumb Code     2  startup_tm4c123.o(.text)
    GPIOL_Handler                            0x00000391   Thumb Code     2  startup_tm4c123.o(.text)
    SSI2_Handler                             0x00000393   Thumb Code     2  startup_tm4c123.o(.text)
    SSI3_Handler                             0x00000395   Thumb Code     2  startup_tm4c123.o(.text)
    UART3_Handler                            0x00000397   Thumb Code     2  startup_tm4c123.o(.text)
    UART4_Handler                            0x00000399   Thumb Code     2  startup_tm4c123.o(.text)
    UART5_Handler                            0x0000039b   Thumb Code     2  startup_tm4c123.o(.text)
    UART6_Handler                            0x0000039d   Thumb Code     2  startup_tm4c123.o(.text)
    UART7_Handler                            0x0000039f   Thumb Code     2  startup_tm4c123.o(.text)
    I2C2_Handler                             0x000003a1   Thumb Code     2  startup_tm4c123.o(.text)
    I2C3_Handler                             0x000003a3   Thumb Code     2  startup_tm4c123.o(.text)
    TIMER4A_Handler                          0x000003a5   Thumb Code     2  startup_tm4c123.o(.text)
    TIMER4B_Handler                          0x000003a7   Thumb Code     2  startup_tm4c123.o(.text)
    TIMER5A_Handler                          0x000003a9   Thumb Code     2  startup_tm4c123.o(.text)
    TIMER5B_Handler                          0x000003ab   Thumb Code     2  startup_tm4c123.o(.text)
    WTIMER0A_Handler                         0x000003ad   Thumb Code     2  startup_tm4c123.o(.text)
    WTIMER0B_Handler                         0x000003af   Thumb Code     2  startup_tm4c123.o(.text)
    WTIMER1A_Handler                         0x000003b1   Thumb Code     2  startup_tm4c123.o(.text)
    WTIMER1B_Handler                         0x000003b3   Thumb Code     2  startup_tm4c123.o(.text)
    WTIMER2A_Handler                         0x000003b5   Thumb Code     2  startup_tm4c123.o(.text)
    WTIMER2B_Handler                         0x000003b7   Thumb Code     2  startup_tm4c123.o(.text)
    WTIMER3A_Handler                         0x000003b9   Thumb Code     2  startup_tm4c123.o(.text)
    WTIMER3B_Handler                         0x000003bb   Thumb Code     2  startup_tm4c123.o(.text)
    WTIMER4A_Handler                         0x000003bd   Thumb Code     2  startup_tm4c123.o(.text)
    WTIMER4B_Handler                         0x000003bf   Thumb Code     2  startup_tm4c123.o(.text)
    WTIMER5A_Handler                         0x000003c1   Thumb Code     2  startup_tm4c123.o(.text)
    WTIMER5B_Handler                         0x000003c3   Thumb Code     2  startup_tm4c123.o(.text)
    FPU_Handler                              0x000003c5   Thumb Code     2  startup_tm4c123.o(.text)
    I2C4_Handler                             0x000003c7   Thumb Code     2  startup_tm4c123.o(.text)
    I2C5_Handler                             0x000003c9   Thumb Code     2  startup_tm4c123.o(.text)
    GPIOM_Handler                            0x000003cb   Thumb Code     2  startup_tm4c123.o(.text)
    GPION_Handler                            0x000003cd   Thumb Code     2  startup_tm4c123.o(.text)
    QEI2_Handler                             0x000003cf   Thumb Code     2  startup_tm4c123.o(.text)
    GPIOP0_Handler                           0x000003d1   Thumb Code     2  startup_tm4c123.o(.text)
    GPIOP1_Handler                           0x000003d3   Thumb Code     2  startup_tm4c123.o(.text)
    GPIOP2_Handler                           0x000003d5   Thumb Code     2  startup_tm4c123.o(.text)
    GPIOP3_Handler                           0x000003d7   Thumb Code     2  startup_tm4c123.o(.text)
    GPIOP4_Handler                           0x000003d9   Thumb Code     2  startup_tm4c123.o(.text)
    GPIOP5_Handler                           0x000003db   Thumb Code     2  startup_tm4c123.o(.text)
    GPIOP6_Handler                           0x000003dd   Thumb Code     2  startup_tm4c123.o(.text)
    GPIOP7_Handler                           0x000003df   Thumb Code     2  startup_tm4c123.o(.text)
    GPIOQ0_Handler                           0x000003e1   Thumb Code     2  startup_tm4c123.o(.text)
    GPIOQ1_Handler                           0x000003e3   Thumb Code     2  startup_tm4c123.o(.text)
    GPIOQ2_Handler                           0x000003e5   Thumb Code     2  startup_tm4c123.o(.text)
    GPIOQ3_Handler                           0x000003e7   Thumb Code     2  startup_tm4c123.o(.text)
    GPIOQ4_Handler                           0x000003e9   Thumb Code     2  startup_tm4c123.o(.text)
    GPIOQ5_Handler                           0x000003eb   Thumb Code     2  startup_tm4c123.o(.text)
    GPIOQ6_Handler                           0x000003ed   Thumb Code     2  startup_tm4c123.o(.text)
    GPIOQ7_Handler                           0x000003ef   Thumb Code     2  startup_tm4c123.o(.text)
    GPIOR_Handler                            0x000003f1   Thumb Code     2  startup_tm4c123.o(.text)
    GPIOS_Handler                            0x000003f3   Thumb Code     2  startup_tm4c123.o(.text)
    PMW1_0_Handler                           0x000003f5   Thumb Code     2  startup_tm4c123.o(.text)
    PWM1_1_Handler                           0x000003f7   Thumb Code     2  startup_tm4c123.o(.text)
    PWM1_2_Handler                           0x000003f9   Thumb Code     2  startup_tm4c123.o(.text)
    PWM1_3_Handler                           0x000003fb   Thumb Code     2  startup_tm4c123.o(.text)
    PWM1_FAULT_Handler                       0x000003fd   Thumb Code     2  startup_tm4c123.o(.text)
    __user_initial_stackheap                 0x00000401   Thumb Code     0  startup_tm4c123.o(.text)
    __aeabi_uldivmod                         0x00000421   Thumb Code     0  lludivv7m.o(.text)
    _ll_udiv                                 0x00000421   Thumb Code   238  lludivv7m.o(.text)
    __use_two_region_memory                  0x0000050f   Thumb Code     2  heapauxi.o(.text)
    __rt_heap_escrow$2region                 0x00000511   Thumb Code     2  heapauxi.o(.text)
    __rt_heap_expand$2region                 0x00000513   Thumb Code     2  heapauxi.o(.text)
    __user_setup_stackheap                   0x00000515   Thumb Code    74  sys_stackheap_outer.o(.text)
    exit                                     0x0000055f   Thumb Code    18  exit.o(.text)
    __user_libspace                          0x00000571   Thumb Code     8  libspace.o(.text)
    __user_perproc_libspace                  0x00000571   Thumb Code     0  libspace.o(.text)
    __user_perthread_libspace                0x00000571   Thumb Code     0  libspace.o(.text)
    _sys_exit                                0x00000579   Thumb Code     8  sys_exit.o(.text)
    __I$use$semihosting                      0x00000585   Thumb Code     0  use_no_semi.o(.text)
    __use_no_semihosting_swi                 0x00000585   Thumb Code     2  use_no_semi.o(.text)
    __semihosting_library_function           0x00000587   Thumb Code     0  indicate_semi.o(.text)
    GPIOF_Handler                            0x00000589   Thumb Code    22  gpio_program.o(i.GPIOF_Handler)
    SysTick_Handler                          0x000005a9   Thumb Code    16  systick_program.o(i.SysTick_Handler)
    SystemInit                               0x000005bd   Thumb Code    94  system_tm4c123.o(i.SystemInit)
    TIMER0A_Handler                          0x00000639   Thumb Code    92  gpt_program.o(i.TIMER0A_Handler)
    TIMER1A_Handler                          0x000006a9   Thumb Code    92  gpt_program.o(i.TIMER1A_Handler)
    app_init                                 0x000007f1   Thumb Code    38  app.o(i.app_init)
    button_get_state                         0x00000821   Thumb Code   140  button_program.o(i.button_get_state)
    button_init                              0x000008b1   Thumb Code   100  button_program.o(i.button_init)
    gpio_pin_enable_notification             0x0000091d   Thumb Code   452  gpio_program.o(i.gpio_pin_enable_notification)
    gpio_pin_init                            0x00000ae5   Thumb Code  1592  gpio_program.o(i.gpio_pin_init)
    gpio_pin_read                            0x00001125   Thumb Code    96  gpio_program.o(i.gpio_pin_read)
    gpio_pin_set_callback                    0x00001189   Thumb Code    74  gpio_program.o(i.gpio_pin_set_callback)
    gpio_pin_write                           0x000011d9   Thumb Code   194  gpio_program.o(i.gpio_pin_write)
    gpt_enable_notificatoin                  0x000012a1   Thumb Code   260  gpt_program.o(i.gpt_enable_notificatoin)
    gpt_get_unused_channel                   0x000013ad   Thumb Code    36  gpt_program.o(i.gpt_get_unused_channel)
    gpt_init                                 0x000013d5   Thumb Code   444  gpt_program.o(i.gpt_init)
    gpt_set_callback                         0x000015a1   Thumb Code    26  gpt_program.o(i.gpt_set_callback)
    gpt_set_time                             0x000015c1   Thumb Code   492  gpt_program.o(i.gpt_set_time)
    gpt_start_timer                          0x000017bd   Thumb Code    42  gpt_program.o(i.gpt_start_timer)
    main                                     0x000017f1   Thumb Code     8  main.o(i.main)
    pwm_init                                 0x00001cd9   Thumb Code   348  pwm_program.o(i.pwm_init)
    pwm_set_duty_cycle                       0x00001e69   Thumb Code    18  pwm_program.o(i.pwm_set_duty_cycle)
    pwm_set_frequency                        0x00001e81   Thumb Code    72  pwm_program.o(i.pwm_set_frequency)
    pwm_start                                0x00001ec9   Thumb Code    22  pwm_program.o(i.pwm_start)
    _fp_init                                 0x00001edf   Thumb Code    10  fpinit.o(x$fpl$fpinit)
    __fplib_config_fpu_vfp                   0x00001ee7   Thumb Code     0  fpinit.o(x$fpl$fpinit)
    __fplib_config_pureend_doubles           0x00001ee7   Thumb Code     0  fpinit.o(x$fpl$fpinit)
    Region$$Table$$Base                      0x00001ee8   Number         0  anon$$obj.o(Region$$Table)
    Region$$Table$$Limit                     0x00001f08   Number         0  anon$$obj.o(Region$$Table)
    ptr_func_button_callback                 0x20000004   Data           4  button_program.o(.data)
    gl_str_button_config                     0x20000008   Data           5  button_program.o(.data)
    gpiof_callback                           0x20000010   Data           4  gpio_program.o(.data)
    SysTick0_void_CallBack                   0x20000014   Data           4  systick_program.o(.data)
    gl_uint32_current_delay_used             0x20000018   Data           4  systick_program.o(.data)
    str_pwm_green_led                        0x2000003c   Data          12  app.o(.bss)
    __libspace_start                         0x200000fc   Data          96  libspace.o(.bss)
    __temporary_stack_top$libspace           0x2000015c   Data           0  libspace.o(.bss)



==============================================================================

Memory Map of the image

  Image Entry point : 0x0000026d

  Load Region LR_IROM1 (Base: 0x00000000, Size: 0x00001f44, Max: 0x00040000, ABSOLUTE)

    Execution Region ER_IROM1 (Exec base: 0x00000000, Load base: 0x00000000, Size: 0x00001f08, Max: 0x00040000, ABSOLUTE)

    Exec Addr    Load Addr    Size         Type   Attr      Idx    E Section Name        Object

    0x00000000   0x00000000   0x0000026c   Data   RO          523    RESET               startup_tm4c123.o
    0x0000026c   0x0000026c   0x00000008   Code   RO          579  * !!!main             c_w.l(__main.o)
    0x00000274   0x00000274   0x00000034   Code   RO          746    !!!scatter          c_w.l(__scatter.o)
    0x000002a8   0x000002a8   0x0000001a   Code   RO          748    !!handler_copy      c_w.l(__scatter_copy.o)
    0x000002c2   0x000002c2   0x00000002   PAD
    0x000002c4   0x000002c4   0x0000001c   Code   RO          750    !!handler_zi        c_w.l(__scatter_zi.o)
    0x000002e0   0x000002e0   0x00000002   Code   RO          616    .ARM.Collect$$libinit$$00000000  c_w.l(libinit.o)
    0x000002e2   0x000002e2   0x00000004   Code   RO          628    .ARM.Collect$$libinit$$00000001  c_w.l(libinit2.o)
    0x000002e6   0x000002e6   0x00000000   Code   RO          631    .ARM.Collect$$libinit$$00000004  c_w.l(libinit2.o)
    0x000002e6   0x000002e6   0x00000000   Code   RO          634    .ARM.Collect$$libinit$$0000000A  c_w.l(libinit2.o)
    0x000002e6   0x000002e6   0x00000000   Code   RO          636    .ARM.Collect$$libinit$$0000000C  c_w.l(libinit2.o)
    0x000002e6   0x000002e6   0x00000000   Code   RO          638    .ARM.Collect$$libinit$$0000000E  c_w.l(libinit2.o)
    0x000002e6   0x000002e6   0x00000000   Code   RO          641    .ARM.Collect$$libinit$$00000011  c_w.l(libinit2.o)
    0x000002e6   0x000002e6   0x00000000   Code   RO          643    .ARM.Collect$$libinit$$00000013  c_w.l(libinit2.o)
    0x000002e6   0x000002e6   0x00000000   Code   RO          645    .ARM.Collect$$libinit$$00000015  c_w.l(libinit2.o)
    0x000002e6   0x000002e6   0x00000000   Code   RO          647    .ARM.Collect$$libinit$$00000017  c_w.l(libinit2.o)
    0x000002e6   0x000002e6   0x00000000   Code   RO          649    .ARM.Collect$$libinit$$00000019  c_w.l(libinit2.o)
    0x000002e6   0x000002e6   0x00000000   Code   RO          651    .ARM.Collect$$libinit$$0000001B  c_w.l(libinit2.o)
    0x000002e6   0x000002e6   0x00000000   Code   RO          653    .ARM.Collect$$libinit$$0000001D  c_w.l(libinit2.o)
    0x000002e6   0x000002e6   0x00000000   Code   RO          655    .ARM.Collect$$libinit$$0000001F  c_w.l(libinit2.o)
    0x000002e6   0x000002e6   0x00000000   Code   RO          657    .ARM.Collect$$libinit$$00000021  c_w.l(libinit2.o)
    0x000002e6   0x000002e6   0x00000000   Code   RO          659    .ARM.Collect$$libinit$$00000023  c_w.l(libinit2.o)
    0x000002e6   0x000002e6   0x00000000   Code   RO          661    .ARM.Collect$$libinit$$00000025  c_w.l(libinit2.o)
    0x000002e6   0x000002e6   0x00000000   Code   RO          665    .ARM.Collect$$libinit$$0000002C  c_w.l(libinit2.o)
    0x000002e6   0x000002e6   0x00000000   Code   RO          667    .ARM.Collect$$libinit$$0000002E  c_w.l(libinit2.o)
    0x000002e6   0x000002e6   0x00000000   Code   RO          669    .ARM.Collect$$libinit$$00000030  c_w.l(libinit2.o)
    0x000002e6   0x000002e6   0x00000000   Code   RO          671    .ARM.Collect$$libinit$$00000032  c_w.l(libinit2.o)
    0x000002e6   0x000002e6   0x00000002   Code   RO          672    .ARM.Collect$$libinit$$00000033  c_w.l(libinit2.o)
    0x000002e8   0x000002e8   0x00000002   Code   RO          703    .ARM.Collect$$libshutdown$$00000000  c_w.l(libshutdown.o)
    0x000002ea   0x000002ea   0x00000000   Code   RO          729    .ARM.Collect$$libshutdown$$00000002  c_w.l(libshutdown2.o)
    0x000002ea   0x000002ea   0x00000000   Code   RO          731    .ARM.Collect$$libshutdown$$00000004  c_w.l(libshutdown2.o)
    0x000002ea   0x000002ea   0x00000000   Code   RO          734    .ARM.Collect$$libshutdown$$00000007  c_w.l(libshutdown2.o)
    0x000002ea   0x000002ea   0x00000000   Code   RO          737    .ARM.Collect$$libshutdown$$0000000A  c_w.l(libshutdown2.o)
    0x000002ea   0x000002ea   0x00000000   Code   RO          739    .ARM.Collect$$libshutdown$$0000000C  c_w.l(libshutdown2.o)
    0x000002ea   0x000002ea   0x00000000   Code   RO          742    .ARM.Collect$$libshutdown$$0000000F  c_w.l(libshutdown2.o)
    0x000002ea   0x000002ea   0x00000002   Code   RO          743    .ARM.Collect$$libshutdown$$00000010  c_w.l(libshutdown2.o)
    0x000002ec   0x000002ec   0x00000000   Code   RO          581    .ARM.Collect$$rtentry$$00000000  c_w.l(__rtentry.o)
    0x000002ec   0x000002ec   0x00000000   Code   RO          587    .ARM.Collect$$rtentry$$00000002  c_w.l(__rtentry2.o)
    0x000002ec   0x000002ec   0x00000006   Code   RO          599    .ARM.Collect$$rtentry$$00000004  c_w.l(__rtentry4.o)
    0x000002f2   0x000002f2   0x00000000   Code   RO          589    .ARM.Collect$$rtentry$$00000009  c_w.l(__rtentry2.o)
    0x000002f2   0x000002f2   0x00000004   Code   RO          590    .ARM.Collect$$rtentry$$0000000A  c_w.l(__rtentry2.o)
    0x000002f6   0x000002f6   0x00000000   Code   RO          592    .ARM.Collect$$rtentry$$0000000C  c_w.l(__rtentry2.o)
    0x000002f6   0x000002f6   0x00000008   Code   RO          593    .ARM.Collect$$rtentry$$0000000D  c_w.l(__rtentry2.o)
    0x000002fe   0x000002fe   0x00000002   Code   RO          620    .ARM.Collect$$rtexit$$00000000  c_w.l(rtexit.o)
    0x00000300   0x00000300   0x00000000   Code   RO          676    .ARM.Collect$$rtexit$$00000002  c_w.l(rtexit2.o)
    0x00000300   0x00000300   0x00000004   Code   RO          677    .ARM.Collect$$rtexit$$00000003  c_w.l(rtexit2.o)
    0x00000304   0x00000304   0x00000006   Code   RO          678    .ARM.Collect$$rtexit$$00000004  c_w.l(rtexit2.o)
    0x0000030a   0x0000030a   0x00000002   PAD
    0x0000030c   0x0000030c   0x00000114   Code   RO          524    .text               startup_tm4c123.o
    0x00000420   0x00000420   0x000000ee   Code   RO          575    .text               c_w.l(lludivv7m.o)
    0x0000050e   0x0000050e   0x00000006   Code   RO          577    .text               c_w.l(heapauxi.o)
    0x00000514   0x00000514   0x0000004a   Code   RO          603    .text               c_w.l(sys_stackheap_outer.o)
    0x0000055e   0x0000055e   0x00000012   Code   RO          605    .text               c_w.l(exit.o)
    0x00000570   0x00000570   0x00000008   Code   RO          617    .text               c_w.l(libspace.o)
    0x00000578   0x00000578   0x0000000c   Code   RO          673    .text               c_w.l(sys_exit.o)
    0x00000584   0x00000584   0x00000002   Code   RO          692    .text               c_w.l(use_no_semi.o)
    0x00000586   0x00000586   0x00000000   Code   RO          694    .text               c_w.l(indicate_semi.o)
    0x00000586   0x00000586   0x00000002   PAD
    0x00000588   0x00000588   0x00000020   Code   RO          123    i.GPIOF_Handler     gpio_program.o
    0x000005a8   0x000005a8   0x00000014   Code   RO          225    i.SysTick_Handler   systick_program.o
    0x000005bc   0x000005bc   0x0000007c   Code   RO          532    i.SystemInit        system_tm4c123.o
    0x00000638   0x00000638   0x00000070   Code   RO          285    i.TIMER0A_Handler   gpt_program.o
    0x000006a8   0x000006a8   0x00000070   Code   RO          286    i.TIMER1A_Handler   gpt_program.o
    0x00000718   0x00000718   0x00000022   Code   RO          288    i.__NVIC_EnableIRQ  gpt_program.o
    0x0000073a   0x0000073a   0x00000002   PAD
    0x0000073c   0x0000073c   0x000000b4   Code   RO            1    i.app_button_task   app.o
    0x000007f0   0x000007f0   0x00000030   Code   RO            2    i.app_init          app.o
    0x00000820   0x00000820   0x00000090   Code   RO           93    i.button_get_state  button_program.o
    0x000008b0   0x000008b0   0x0000006c   Code   RO           94    i.button_init       button_program.o
    0x0000091c   0x0000091c   0x000001c8   Code   RO          124    i.gpio_pin_enable_notification  gpio_program.o
    0x00000ae4   0x00000ae4   0x00000640   Code   RO          125    i.gpio_pin_init     gpio_program.o
    0x00001124   0x00001124   0x00000064   Code   RO          126    i.gpio_pin_read     gpio_program.o
    0x00001188   0x00001188   0x00000050   Code   RO          127    i.gpio_pin_set_callback  gpio_program.o
    0x000011d8   0x000011d8   0x000000c8   Code   RO          129    i.gpio_pin_write    gpio_program.o
    0x000012a0   0x000012a0   0x0000010c   Code   RO          290    i.gpt_enable_notificatoin  gpt_program.o
    0x000013ac   0x000013ac   0x00000028   Code   RO          291    i.gpt_get_unused_channel  gpt_program.o
    0x000013d4   0x000013d4   0x000001cc   Code   RO          292    i.gpt_init          gpt_program.o
    0x000015a0   0x000015a0   0x00000020   Code   RO          293    i.gpt_set_callback  gpt_program.o
    0x000015c0   0x000015c0   0x000001fc   Code   RO          294    i.gpt_set_time      gpt_program.o
    0x000017bc   0x000017bc   0x00000034   Code   RO          295    i.gpt_start_timer   gpt_program.o
    0x000017f0   0x000017f0   0x00000008   Code   RO          392    i.main              main.o
    0x000017f8   0x000017f8   0x00000068   Code   RO          407    i.pwm0_task         pwm_program.o
    0x00001860   0x00001860   0x00000068   Code   RO          408    i.pwm10_task        pwm_program.o
    0x000018c8   0x000018c8   0x00000068   Code   RO          409    i.pwm11_task        pwm_program.o
    0x00001930   0x00001930   0x00000068   Code   RO          410    i.pwm1_task         pwm_program.o
    0x00001998   0x00001998   0x00000068   Code   RO          411    i.pwm2_task         pwm_program.o
    0x00001a00   0x00001a00   0x00000068   Code   RO          412    i.pwm3_task         pwm_program.o
    0x00001a68   0x00001a68   0x00000068   Code   RO          413    i.pwm4_task         pwm_program.o
    0x00001ad0   0x00001ad0   0x00000068   Code   RO          414    i.pwm5_task         pwm_program.o
    0x00001b38   0x00001b38   0x00000068   Code   RO          415    i.pwm6_task         pwm_program.o
    0x00001ba0   0x00001ba0   0x00000068   Code   RO          416    i.pwm7_task         pwm_program.o
    0x00001c08   0x00001c08   0x00000068   Code   RO          417    i.pwm8_task         pwm_program.o
    0x00001c70   0x00001c70   0x00000068   Code   RO          418    i.pwm9_task         pwm_program.o
    0x00001cd8   0x00001cd8   0x00000190   Code   RO          419    i.pwm_init          pwm_program.o
    0x00001e68   0x00001e68   0x00000018   Code   RO          420    i.pwm_set_duty_cycle  pwm_program.o
    0x00001e80   0x00001e80   0x00000048   Code   RO          421    i.pwm_set_frequency  pwm_program.o
    0x00001ec8   0x00001ec8   0x00000016   Code   RO          422    i.pwm_start         pwm_program.o
    0x00001ede   0x00001ede   0x0000000a   Code   RO          688    x$fpl$fpinit        fz_wm.l(fpinit.o)
    0x00001ee8   0x00001ee8   0x00000020   Data   RO          744    Region$$Table       anon$$obj.o


    Execution Region RW_IRAM1 (Exec base: 0x20000000, Load base: 0x00001f08, Size: 0x00000360, Max: 0x00008000, ABSOLUTE)

    Exec Addr    Load Addr    Size         Type   Attr      Idx    E Section Name        Object

    0x20000000   0x00001f08   0x00000001   Data   RW            4    .data               app.o
    0x20000001   0x00001f09   0x00000003   PAD
    0x20000004   0x00001f0c   0x00000009   Data   RW           95    .data               button_program.o
    0x2000000d   0x00001f15   0x00000003   PAD
    0x20000010   0x00001f18   0x00000004   Data   RW          130    .data               gpio_program.o
    0x20000014   0x00001f1c   0x00000008   Data   RW          231    .data               systick_program.o
    0x2000001c   0x00001f24   0x00000008   Data   RW          298    .data               gpt_program.o
    0x20000024   0x00001f2c   0x00000018   Data   RW          425    .data               pwm_program.o
    0x2000003c        -       0x0000000c   Zero   RW            3    .bss                app.o
    0x20000048        -       0x0000009c   Zero   RW          297    .bss                gpt_program.o
    0x200000e4        -       0x00000018   Zero   RW          424    .bss                pwm_program.o
    0x200000fc        -       0x00000060   Zero   RW          618    .bss                c_w.l(libspace.o)
    0x2000015c   0x00001f44   0x00000004   PAD
    0x20000160        -       0x00000000   Zero   RW          522    HEAP                startup_tm4c123.o
    0x20000160        -       0x00000200   Zero   RW          521    STACK               startup_tm4c123.o


==============================================================================

Image component sizes


      Code (inc. data)   RO Data    RW Data    ZI Data      Debug   Object Name

       228         20          0          1         12       8343   app.o
       252         12          0          9          0       2437   button_program.o
      2468         50          0          4          0      65800   gpio_program.o
      1618        100          0          8        156       9622   gpt_program.o
         8          0          0          0          0        455   main.o
      1766        274          0         24         24      16716   pwm_program.o
       276         24        620          0        512       5456   startup_tm4c123.o
       124         30          0          0          0        589   system_tm4c123.o
        20          4          0          8          0       1292   systick_program.o

    ----------------------------------------------------------------------
      6762        514        652         60        704     110710   Object Totals
         0          0         32          0          0          0   (incl. Generated)
         2          0          0          6          0          0   (incl. Padding)

    ----------------------------------------------------------------------

      Code (inc. data)   RO Data    RW Data    ZI Data      Debug   Library Member Name

         8          0          0          0          0         68   __main.o
         0          0          0          0          0          0   __rtentry.o
        12          0          0          0          0          0   __rtentry2.o
         6          0          0          0          0          0   __rtentry4.o
        52          8          0          0          0          0   __scatter.o
        26          0          0          0          0          0   __scatter_copy.o
        28          0          0          0          0          0   __scatter_zi.o
        18          0          0          0          0         80   exit.o
         6          0          0          0          0        152   heapauxi.o
         0          0          0          0          0          0   indicate_semi.o
         2          0          0          0          0          0   libinit.o
         6          0          0          0          0          0   libinit2.o
         2          0          0          0          0          0   libshutdown.o
         2          0          0          0          0          0   libshutdown2.o
         8          4          0          0         96         68   libspace.o
       238          0          0          0          0        100   lludivv7m.o
         2          0          0          0          0          0   rtexit.o
        10          0          0          0          0          0   rtexit2.o
        12          4          0          0          0         68   sys_exit.o
        74          0          0          0          0         80   sys_stackheap_outer.o
         2          0          0          0          0         68   use_no_semi.o
        10          0          0          0          0        116   fpinit.o

    ----------------------------------------------------------------------
       530         16          0          0        100        800   Library Totals
         6          0          0          0          4          0   (incl. Padding)

    ----------------------------------------------------------------------

      Code (inc. data)   RO Data    RW Data    ZI Data      Debug   Library Name

       514         16          0          0         96        684   c_w.l
        10          0          0          0          0        116   fz_wm.l

    ----------------------------------------------------------------------
       530         16          0          0        100        800   Library Totals

    ----------------------------------------------------------------------

==============================================================================


      Code (inc. data)   RO Data    RW Data    ZI Data      Debug   

      7292        530        652         60        804     107802   Grand Totals
      7292        530        652         60        804     107802   ELF Image Totals
      7292        530        652         60          0          0   ROM Totals

==============================================================================

    Total RO  Size (Code + RO Data)                 7944 (   7.76kB)
    Total RW  Size (RW Data + ZI Data)               864 (   0.84kB)
    Total ROM Size (Code + RO Data + RW Data)       8004 (   7.82kB)

==============================================================================

